[ppdb.santa-angela.sch.id/index.html]
[backblue.gif]
[fade.gif]
[index.html]
[ppdb.santa-angela.sch.id/css/freelancer.css]
[ppdb.santa-angela.sch.id/vendor/font-awesome/css/font-awesome.min.css]
[ppdb.santa-angela.sch.id/img/logo1.png]
[ppdb.santa-angela.sch.id/registerb77f.html]
[ppdb.santa-angela.sch.id/register0e04.html]
[ppdb.santa-angela.sch.id/registerb57a.html]
[ppdb.santa-angela.sch.id/register5dfc.html]
[ppdb.santa-angela.sch.id/registerb398.html]
[ppdb.santa-angela.sch.id/indexc8da.html]
[ppdb.santa-angela.sch.id/img/sd.jpg]
[ppdb.santa-angela.sch.id/img/smp.jpg]
[ppdb.santa-angela.sch.id/img/alur_new.jpg]
[cdnjs.cloudflare.com/ajax/libs/jquery-easing/1.3/jquery.easing.min.js]
[ppdb.santa-angela.sch.id/vendor/bootstrap/js/bootstrap.min.js]
[ppdb.santa-angela.sch.id/js/jqBootstrapValidation.js]
[ppdb.santa-angela.sch.id/js/contact_me.js]
[ppdb.santa-angela.sch.id/index.html]
[ppdb.santa-angela.sch.id/js/freelancer.min.js]
[ppdb.santa-angela.sch.id/vendor/bootstrap/css/bootstrap.min.css]
[ppdb.santa-angela.sch.id/css/freelancer.css]
[ppdb.santa-angela.sch.id/css/faa.css]
[ppdb.santa-angela.sch.id/vendor/font-awesome/fonts/fontawesome-webfont5b62.eot]
[ppdb.santa-angela.sch.id/vendor/font-awesome/fonts/fontawesome-webfontd41d.eot]
[ppdb.santa-angela.sch.id/vendor/jquery/jquery.min.js]
[ppdb.santa-angela.sch.id/vendor/font-awesome/fonts/fontawesome-webfont5b62.woff2]
[ppdb.santa-angela.sch.id/vendor/font-awesome/fonts/fontawesome-webfont5b62.woff]
[ppdb.santa-angela.sch.id/vendor/font-awesome/fonts/fontawesome-webfont5b62.ttf]
[ppdb.santa-angela.sch.id/vendor/font-awesome/css/font-awesome.min.css]
[ppdb.santa-angela.sch.id/kitkat/assets/images/favicon.ico]
[ppdb.santa-angela.sch.id/img/favicon.ico]
[ppdb.santa-angela.sch.id/kitkat/assets/css/style.css]
[ppdb.santa-angela.sch.id/kitkat/assets/css/theme.css]
[ppdb.santa-angela.sch.id/kitkat/assets/css/ui.css]
[ppdb.santa-angela.sch.id/kitkat/assets/css/custom.css]
[ppdb.santa-angela.sch.id/kitkat/assets/plugins/font-awesome-animation/font-awesome-animation.min.css]
[ppdb.santa-angela.sch.id/kitkat/assets/input/css/fileinput.css]
[ppdb.santa-angela.sch.id/kitkat/assets/plugins/step-form-wizard/css/step-form-wizard.min.css]
[ppdb.santa-angela.sch.id/kitkat/assets/plugins/modernizr/modernizr-2.6.2-respond-1.1.0.min.js]
[ppdb.santa-angela.sch.id/kitkat/assets/plugins/jquery/jquery-1.11.1.min.js]
[ppdb.santa-angela.sch.id/kitkat/assets/plugins/jquery/jquery-migrate-1.2.1.min.js]
[ppdb.santa-angela.sch.id/kitkat/assets/plugins/gsap/main-gsap.min.js]
[ppdb.santa-angela.sch.id/kitkat/assets/plugins/bootstrap/js/bootstrap.min.js]
[ppdb.santa-angela.sch.id/kitkat/assets/plugins/jquery-cookies/jquery.cookies.min.js]
[ppdb.santa-angela.sch.id/kitkat/assets/plugins/jquery-block-ui/jquery.blockUI.min.js]
[ppdb.santa-angela.sch.id/kitkat/assets/plugins/translate/jqueryTranslator.min.js]
[ppdb.santa-angela.sch.id/kitkat/assets/plugins/bootbox/bootbox.min.js]
[ppdb.santa-angela.sch.id/kitkat/assets/plugins/mcustom-scrollbar/jquery.mCustomScrollbar.concat.min.js]
[ppdb.santa-angela.sch.id/kitkat/assets/plugins/bootstrap-dropdown/bootstrap-hover-dropdown.min.js]
[ppdb.santa-angela.sch.id/kitkat/assets/plugins/charts-sparkline/sparkline.min.js]
[ppdb.santa-angela.sch.id/kitkat/assets/plugins/jquery-ui/jquery-ui-1.11.2.min.js]
[ppdb.santa-angela.sch.id/kitkat/assets/plugins/retina/retina.min.js]
[ppdb.santa-angela.sch.id/kitkat/assets/plugins/icheck/icheck.min.js]
[ppdb.santa-angela.sch.id/kitkat/assets/plugins/backstretch/backstretch.min.js]
[ppdb.santa-angela.sch.id/kitkat/assets/plugins/bootstrap-progressbar/bootstrap-progressbar.min.js]
[ppdb.santa-angela.sch.id/kitkat/assets/plugins/select2/select2.min.js]
[ppdb.santa-angela.sch.id/kitkat/assets/plugins/charts-chartjs/Chart.min.js]
[ppdb.santa-angela.sch.id/kitkat/assets/plugins/timepicker/jquery-ui-timepicker-addon.min.js]
[ppdb.santa-angela.sch.id/kitkat/assets/plugins/multidatepicker/multidatespicker.min.js]
[ppdb.santa-angela.sch.id/kitkat/assets/plugins/bootstrap-datepicker/locales/bootstrap-datepicker.es.min.js]
[ppdb.santa-angela.sch.id/kitkat/assets/js/sidebar_hover.js]
[ppdb.santa-angela.sch.id/kitkat/assets/plugins/bootstrap-datepicker/js/bootstrap-datepicker.js]
[ppdb.santa-angela.sch.id/kitkat/assets/js/application.js]
[ppdb.santa-angela.sch.id/kitkat/assets/js/widgets/notes.js]
[ppdb.santa-angela.sch.id/kitkat/assets/js/quickview.js]
[ppdb.santa-angela.sch.id/kitkat/assets/js/plugins.js]
[ppdb.santa-angela.sch.id/kitkat/assets/js/pages/search.js]
[ppdb.santa-angela.sch.id/js/cust.js]
[ppdb.santa-angela.sch.id/kitkat/assets/plugins/step-form-wizard/js/step-form-wizard.js]
[ppdb.santa-angela.sch.id/kitkat/assets/js/pages/form_wizard.js]
[ppdb.santa-angela.sch.id/registerb77f.html]
[ppdb.santa-angela.sch.id/kitkat/assets/plugins/step-form-wizard/plugins/parsley/parsley.min.js]
[ppdb.santa-angela.sch.id/register0e04.html]
[ppdb.santa-angela.sch.id/registerb57a.html]
[ppdb.santa-angela.sch.id/register5dfc.html]
[ppdb.santa-angela.sch.id/registerb398.html]
[ppdb.santa-angela.sch.id/files/Panduan_PPDB_Online_Santa_Angela.pdf]
[ppdb.santa-angela.sch.id/kitkat/assets/input/js/fileinput.js]
[ppdb.santa-angela.sch.id/index-2.html]
[ppdb.santa-angela.sch.id/indexc8da.html]
[ppdb.santa-angela.sch.id/img/tk.jpg]
[ppdb.santa-angela.sch.id/img/sma.jpg]
[ppdb.santa-angela.sch.id/vendor/bootstrap/fonts/glyphicons-halflings-regular.eot]
[ppdb.santa-angela.sch.id/vendor/bootstrap/fonts/glyphicons-halflings-regular.woff2]
[ppdb.santa-angela.sch.id/vendor/bootstrap/fonts/glyphicons-halflings-regulard41d.eot]
[ppdb.santa-angela.sch.id/vendor/bootstrap/fonts/glyphicons-halflings-regular.woff]
[ppdb.santa-angela.sch.id/vendor/bootstrap/fonts/glyphicons-halflings-regular.ttf]
[ppdb.santa-angela.sch.id/vendor/bootstrap/css/bootstrap.min.css]
[ppdb.santa-angela.sch.id/css/faa.css]
[ppdb.santa-angela.sch.id/vendor/font-awesome/fonts/fontawesome-webfont5b62.svg]
[ppdb.santa-angela.sch.id/kitkat/assets/plugins/bootstrap/css/bootstrap.min.css]
[ppdb.santa-angela.sch.id/kitkat/assets/plugins/bootstrap/css/bootstrap-rtl.min.css]
[ppdb.santa-angela.sch.id/kitkat/assets/plugins/mcustom-scrollbar/mcustom_scrollbar.min.css]
[ppdb.santa-angela.sch.id/kitkat/assets/plugins/animation-css/animate.min.css]
[ppdb.santa-angela.sch.id/kitkat/assets/css/icons/font-awesome/font-awesome.css]
[ppdb.santa-angela.sch.id/kitkat/assets/css/icons/line-icons/line-icons.css]
[ppdb.santa-angela.sch.id/kitkat/assets/css/icons/line-icons/simple-line-icons.css]
[ppdb.santa-angela.sch.id/kitkat/assets/plugins/select2/select2.css]
[ppdb.santa-angela.sch.id/kitkat/assets/plugins/slick/slick.css]
[ppdb.santa-angela.sch.id/kitkat/assets/plugins/icheck/skins/all.css]
[ppdb.santa-angela.sch.id/kitkat/assets/plugins/bootstrap/css/jasny-bootstrap.css]
[ppdb.santa-angela.sch.id/kitkat/assets/css/icons/rounded/style.css]
[ppdb.santa-angela.sch.id/kitkat/assets/css/icons/octicons/octicons.css]
[ppdb.santa-angela.sch.id/kitkat/assets/css/icons/weather/css/weather-icons.min.css]
[ppdb.santa-angela.sch.id/kitkat/assets/plugins/bootstrap-loading/lada.min.css]
[ppdb.santa-angela.sch.id/kitkat/assets/plugins/bootstrap-tags-input/bootstrap-tagsinput.css]
[ppdb.santa-angela.sch.id/kitkat/assets/plugins/bootstrap-editable/css/bootstrap-editable.css]
[ppdb.santa-angela.sch.id/kitkat/assets/plugins/prettify/prettify.css]
[ppdb.santa-angela.sch.id/kitkat/assets/css/icons/weather/artill_clean_icons-webfont.eot]
[ppdb.santa-angela.sch.id/kitkat/assets/css/icons/weather/artill_clean_icons-webfont.woff]
[ppdb.santa-angela.sch.id/kitkat/assets/css/icons/weather/artill_clean_icons-webfont.ttf]
[ppdb.santa-angela.sch.id/kitkat/assets/css/icons/weather/artill_clean_icons-webfontd41d.eot]
[ppdb.santa-angela.sch.id/kitkat/assets/css/icons/weather/weatherfont/artill_clean_icons-webfont.svg]
[ppdb.santa-angela.sch.id/kitkat/assets/css/images/icons/weather-icons.65.delayed]
[ppdb.santa-angela.sch.id/kitkat/assets/css/images/icons/weather-main.png]
[ppdb.santa-angela.sch.id/kitkat/assets/images/gradient-big.png]
[ppdb.santa-angela.sch.id/kitkat/assets/images/clock/clock.png]
[ppdb.santa-angela.sch.id/kitkat/assets/images/clock/sechand.png]
[ppdb.santa-angela.sch.id/kitkat/assets/images/clock/minhand.png]
[ppdb.santa-angela.sch.id/kitkat/assets/images/clock/hourhand.png]
[ppdb.santa-angela.sch.id/kitkat/assets/images/clock/clock-white.png]
[ppdb.santa-angela.sch.id/kitkat/assets/images/clock/sechand-white.png]
[ppdb.santa-angela.sch.id/kitkat/assets/images/clock/minhand-white.png]
[ppdb.santa-angela.sch.id/kitkat/assets/images/clock/hourhand-white.png]
[ppdb.santa-angela.sch.id/kitkat/assets/images/logo/logo-white.png]
[ppdb.santa-angela.sch.id/kitkat/assets/css/style.css]
[ppdb.santa-angela.sch.id/kitkat/assets/css/theme.css]
[ppdb.santa-angela.sch.id/kitkat/assets/images/various/icon-search-gray.png]
[ppdb.santa-angela.sch.id/kitkat/assets/css/ui.css]
[ppdb.santa-angela.sch.id/kitkat/assets/css/custom.css]
[ppdb.santa-angela.sch.id/kitkat/assets/plugins/font-awesome-animation/font-awesome-animation.min.css]
[ppdb.santa-angela.sch.id/kitkat/assets/input/img/loading.gif]
[ppdb.santa-angela.sch.id/kitkat/assets/input/img/loading-sm.gif]
[ppdb.santa-angela.sch.id/kitkat/assets/input/css/fileinput.css]
[ppdb.santa-angela.sch.id/kitkat/assets/plugins/step-form-wizard/img/t1-arr-right.png]
[ppdb.santa-angela.sch.id/kitkat/assets/plugins/step-form-wizard/img/t1-arr-left.png]
[ppdb.santa-angela.sch.id/kitkat/assets/plugins/step-form-wizard/img/t2-nav-arr.png]
[ppdb.santa-angela.sch.id/kitkat/assets/plugins/step-form-wizard/img/t2-nav-arr-down.png]
[ppdb.santa-angela.sch.id/kitkat/assets/plugins/step-form-wizard/img/t2-arr-right.png]
[ppdb.santa-angela.sch.id/kitkat/assets/plugins/step-form-wizard/img/t2-arr-left.png]
[ppdb.santa-angela.sch.id/kitkat/assets/plugins/step-form-wizard/img/t2-nav-arr-rtl.png]
[ppdb.santa-angela.sch.id/kitkat/assets/plugins/step-form-wizard/img/t2-nav-bg.png]
[ppdb.santa-angela.sch.id/kitkat/assets/plugins/step-form-wizard/css/step-form-wizard.min.css]
[ppdb.santa-angela.sch.id/indexc8da-2.html]
[ppdb.santa-angela.sch.id/index-2.html]
[ppdb.santa-angela.sch.id/vendor/bootstrap/fonts/glyphicons-halflings-regular.svg]
[ppdb.santa-angela.sch.id/img/log1.png]
[ppdb.santa-angela.sch.id/kitkat/assets/plugins/bootstrap/fonts/glyphicons-halflings-regular.eot]
[ppdb.santa-angela.sch.id/kitkat/assets/plugins/bootstrap/fonts/glyphicons-halflings-regulard41d.eot]
[ppdb.santa-angela.sch.id/kitkat/assets/plugins/bootstrap/fonts/glyphicons-halflings-regular.woff2]
[ppdb.santa-angela.sch.id/kitkat/assets/plugins/bootstrap/fonts/glyphicons-halflings-regular.woff]
[ppdb.santa-angela.sch.id/kitkat/assets/plugins/bootstrap/fonts/glyphicons-halflings-regular.ttf]
[ppdb.santa-angela.sch.id/kitkat/assets/plugins/bootstrap/css/bootstrap.min.css]
[ppdb.santa-angela.sch.id/kitkat/assets/plugins/bootstrap/css/bootstrap-rtl.min.css]
[ppdb.santa-angela.sch.id/kitkat/assets/plugins/mcustom-scrollbar/mcustom_scrollbar.min.css]
[ppdb.santa-angela.sch.id/kitkat/assets/plugins/animation-css/animate.min.css]
[ppdb.santa-angela.sch.id/kitkat/assets/plugins/mcustom-scrollbar/mCSB_buttons.png]
[ppdb.santa-angela.sch.id/kitkat/assets/css/icons/font-awesome/fontawesome-webfonte0a5.eot]
[ppdb.santa-angela.sch.id/kitkat/assets/css/icons/font-awesome/fontawesome-webfontd41d.eot]
[ppdb.santa-angela.sch.id/kitkat/assets/css/icons/font-awesome/fontawesome-webfonte0a5.woff2]
[ppdb.santa-angela.sch.id/kitkat/assets/css/icons/font-awesome/fontawesome-webfonte0a5.woff]
[ppdb.santa-angela.sch.id/kitkat/assets/css/icons/font-awesome/fontawesome-webfonte0a5.ttf]
[ppdb.santa-angela.sch.id/kitkat/assets/css/icons/font-awesome/font-awesome.css]
[ppdb.santa-angela.sch.id/kitkat/assets/css/icons/line-icons/fonts/line-icons.eot]
[ppdb.santa-angela.sch.id/kitkat/assets/css/icons/line-icons/fonts/line-icons.woff]
[ppdb.santa-angela.sch.id/kitkat/assets/css/icons/line-icons/fonts/line-icons.ttf]
[ppdb.santa-angela.sch.id/kitkat/assets/css/icons/line-icons/fonts/line-iconsd41d.eot]
[ppdb.santa-angela.sch.id/kitkat/assets/css/icons/line-icons/line-icons.css]
[ppdb.santa-angela.sch.id/kitkat/assets/css/icons/line-icons/fonts/Simple-Line-Icons.eot]
[ppdb.santa-angela.sch.id/kitkat/assets/css/icons/line-icons/fonts/Simple-Line-Iconsd41d.eot]
[ppdb.santa-angela.sch.id/kitkat/assets/css/icons/line-icons/fonts/Simple-Line-Icons.woff]
[ppdb.santa-angela.sch.id/kitkat/assets/css/icons/line-icons/fonts/Simple-Line-Icons.ttf]
[ppdb.santa-angela.sch.id/kitkat/assets/css/icons/line-icons/simple-line-icons.css]
[ppdb.santa-angela.sch.id/kitkat/assets/plugins/select2/select2.png]
[ppdb.santa-angela.sch.id/kitkat/assets/plugins/select2/select2-spinner.gif]
[ppdb.santa-angela.sch.id/kitkat/assets/plugins/select2/select2x2.png]
[ppdb.santa-angela.sch.id/kitkat/assets/plugins/select2/select2.css]
[ppdb.santa-angela.sch.id/kitkat/assets/plugins/slick/ajax-loader.gif]
[ppdb.santa-angela.sch.id/kitkat/assets/plugins/slick/fonts/slick.eot]
[ppdb.santa-angela.sch.id/kitkat/assets/plugins/slick/fonts/slickd41d.eot]
[ppdb.santa-angela.sch.id/kitkat/assets/plugins/slick/fonts/slick.woff]
[ppdb.santa-angela.sch.id/kitkat/assets/plugins/slick/fonts/slick.ttf]
[ppdb.santa-angela.sch.id/kitkat/assets/plugins/slick/slick.css]
[ppdb.santa-angela.sch.id/kitkat/assets/plugins/icheck/skins/minimal/_all.css]
[ppdb.santa-angela.sch.id/kitkat/assets/plugins/icheck/skins/square/_all.css]
[ppdb.santa-angela.sch.id/kitkat/assets/plugins/icheck/skins/flat/_all.css]
[ppdb.santa-angela.sch.id/kitkat/assets/plugins/icheck/skins/line/_all.css]
[ppdb.santa-angela.sch.id/kitkat/assets/plugins/icheck/skins/polaris/polaris.css]
[ppdb.santa-angela.sch.id/kitkat/assets/plugins/icheck/skins/futurico/futurico.css]
[ppdb.santa-angela.sch.id/kitkat/assets/plugins/icheck/skins/all.css]
[ppdb.santa-angela.sch.id/kitkat/assets/plugins/bootstrap/css/jasny-bootstrap.css]
[ppdb.santa-angela.sch.id/kitkat/assets/css/icons/rounded/fonts/Metrize-Icons.eot]
[ppdb.santa-angela.sch.id/kitkat/assets/css/icons/rounded/fonts/Metrize-Icons.ttf]
[ppdb.santa-angela.sch.id/kitkat/assets/css/icons/rounded/fonts/Metrize-Iconsd41d.eot]
[ppdb.santa-angela.sch.id/kitkat/assets/css/icons/rounded/style.css]
[ppdb.santa-angela.sch.id/kitkat/assets/css/icons/octicons/octiconsd41d.eot]
[ppdb.santa-angela.sch.id/kitkat/assets/css/icons/octicons/octicons.ttf]
[ppdb.santa-angela.sch.id/kitkat/assets/css/icons/octicons/octicons.css]
[ppdb.santa-angela.sch.id/kitkat/assets/css/icons/weather/font/weathericons-regular-webfont.eot]
[ppdb.santa-angela.sch.id/kitkat/assets/css/icons/weather/font/weathericons-regular-webfontd41d.eot]
[ppdb.santa-angela.sch.id/kitkat/assets/css/icons/weather/font/weathericons-regular-webfont.woff]
[ppdb.santa-angela.sch.id/kitkat/assets/css/icons/weather/font/weathericons-regular-webfont.ttf]
[ppdb.santa-angela.sch.id/kitkat/assets/css/icons/weather/css/weather-icons.min.css]
[ppdb.santa-angela.sch.id/kitkat/assets/plugins/bootstrap-loading/lada.min.css]
[ppdb.santa-angela.sch.id/kitkat/assets/plugins/bootstrap-tags-input/bootstrap-tagsinput.css]
[ppdb.santa-angela.sch.id/kitkat/assets/plugins/bootstrap-editable/img/loading.gif]
[ppdb.santa-angela.sch.id/kitkat/assets/plugins/bootstrap-editable/img/clear.png]
[ppdb.santa-angela.sch.id/kitkat/assets/plugins/bootstrap-editable/css/bootstrap-editable.css]
[ppdb.santa-angela.sch.id/kitkat/assets/plugins/prettify/prettify.css]
[ppdb.santa-angela.sch.id/kitkat/assets/css/icons/weather/weatherfont/artill_clean_icons-webfont.html]
[ppdb.santa-angela.sch.id/kitkat/assets/css/images/icons/weather-icons.html]
[ppdb.santa-angela.sch.id/kitkat/assets/css/images/icons/weather-main.html]
[ppdb.santa-angela.sch.id/kitkat/assets/images/magnifier.svg]
[ppdb.santa-angela.sch.id/indexc8da-2.html]
[ppdb.santa-angela.sch.id/kitkat/assets/plugins/bootstrap/fonts/glyphicons-halflings-regular.svg]
[ppdb.santa-angela.sch.id/kitkat/assets/images/logo/logo-dark.png]
[ppdb.santa-angela.sch.id/kitkat/assets/images/widgets/pagination.png]
[ppdb.santa-angela.sch.id/kitkat/assets/css/icons/font-awesome/fontawesome-webfonte0a5.svg]
[ppdb.santa-angela.sch.id/kitkat/assets/css/icons/line-icons/fonts/line-icons.svg]
[ppdb.santa-angela.sch.id/kitkat/assets/css/icons/line-icons/fonts/Simple-Line-Icons.svg]
[ppdb.santa-angela.sch.id/kitkat/assets/plugins/slick/fonts/slick.svg]
[ppdb.santa-angela.sch.id/kitkat/assets/plugins/icheck/skins/minimal/minimal.png]
[ppdb.santa-angela.sch.id/kitkat/assets/plugins/icheck/skins/minimal/minimal@2x.png]
[ppdb.santa-angela.sch.id/kitkat/assets/plugins/icheck/skins/minimal/red.png]
[ppdb.santa-angela.sch.id/kitkat/assets/plugins/icheck/skins/minimal/red@2x.png]
[ppdb.santa-angela.sch.id/kitkat/assets/plugins/icheck/skins/minimal/green.png]
[ppdb.santa-angela.sch.id/kitkat/assets/plugins/icheck/skins/minimal/green@2x.png]
[ppdb.santa-angela.sch.id/kitkat/assets/plugins/icheck/skins/minimal/blue.png]
[ppdb.santa-angela.sch.id/kitkat/assets/plugins/icheck/skins/minimal/blue@2x.png]
[ppdb.santa-angela.sch.id/kitkat/assets/plugins/icheck/skins/minimal/aero.png]
[ppdb.santa-angela.sch.id/kitkat/assets/plugins/icheck/skins/minimal/aero@2x.png]
[ppdb.santa-angela.sch.id/kitkat/assets/plugins/icheck/skins/minimal/grey.png]
[ppdb.santa-angela.sch.id/kitkat/assets/plugins/icheck/skins/minimal/grey@2x.png]
[ppdb.santa-angela.sch.id/kitkat/assets/plugins/icheck/skins/minimal/orange.png]
[ppdb.santa-angela.sch.id/kitkat/assets/plugins/icheck/skins/minimal/orange@2x.png]
[ppdb.santa-angela.sch.id/kitkat/assets/plugins/icheck/skins/minimal/yellow.png]
[ppdb.santa-angela.sch.id/kitkat/assets/plugins/icheck/skins/minimal/yellow@2x.png]
[ppdb.santa-angela.sch.id/kitkat/assets/plugins/icheck/skins/minimal/pink.png]
[ppdb.santa-angela.sch.id/kitkat/assets/plugins/icheck/skins/minimal/pink@2x.png]
[ppdb.santa-angela.sch.id/kitkat/assets/plugins/icheck/skins/minimal/purple.png]
[ppdb.santa-angela.sch.id/kitkat/assets/plugins/icheck/skins/minimal/purple@2x.png]
[ppdb.santa-angela.sch.id/kitkat/assets/plugins/icheck/skins/minimal/_all.css]
[ppdb.santa-angela.sch.id/kitkat/assets/plugins/icheck/skins/square/square.png]
[ppdb.santa-angela.sch.id/kitkat/assets/plugins/icheck/skins/square/square@2x.png]
[ppdb.santa-angela.sch.id/kitkat/assets/plugins/icheck/skins/square/red.png]
[ppdb.santa-angela.sch.id/kitkat/assets/plugins/icheck/skins/square/red@2x.png]
[ppdb.santa-angela.sch.id/kitkat/assets/plugins/icheck/skins/square/green.png]
[ppdb.santa-angela.sch.id/kitkat/assets/plugins/icheck/skins/square/green@2x.png]
[ppdb.santa-angela.sch.id/kitkat/assets/plugins/icheck/skins/square/blue.png]
[ppdb.santa-angela.sch.id/kitkat/assets/plugins/icheck/skins/square/blue@2x.png]
[ppdb.santa-angela.sch.id/kitkat/assets/plugins/icheck/skins/square/aero.png]
[ppdb.santa-angela.sch.id/kitkat/assets/plugins/icheck/skins/square/aero@2x.png]
[ppdb.santa-angela.sch.id/kitkat/assets/plugins/icheck/skins/square/grey.png]
[ppdb.santa-angela.sch.id/kitkat/assets/plugins/icheck/skins/square/grey@2x.png]
[ppdb.santa-angela.sch.id/kitkat/assets/plugins/icheck/skins/square/orange.png]
[ppdb.santa-angela.sch.id/kitkat/assets/plugins/icheck/skins/square/orange@2x.png]
[ppdb.santa-angela.sch.id/kitkat/assets/plugins/icheck/skins/square/yellow.png]
[ppdb.santa-angela.sch.id/kitkat/assets/plugins/icheck/skins/square/yellow@2x.png]
[ppdb.santa-angela.sch.id/kitkat/assets/plugins/icheck/skins/square/pink.png]
[ppdb.santa-angela.sch.id/kitkat/assets/plugins/icheck/skins/square/pink@2x.png]
[ppdb.santa-angela.sch.id/kitkat/assets/plugins/icheck/skins/square/purple.png]
[ppdb.santa-angela.sch.id/kitkat/assets/plugins/icheck/skins/square/purple@2x.png]
[ppdb.santa-angela.sch.id/kitkat/assets/plugins/icheck/skins/square/_all.css]
[ppdb.santa-angela.sch.id/kitkat/assets/plugins/icheck/skins/flat/flat.png]
[ppdb.santa-angela.sch.id/kitkat/assets/plugins/icheck/skins/flat/flat@2x.png]
[ppdb.santa-angela.sch.id/kitkat/assets/plugins/icheck/skins/flat/red.png]
[ppdb.santa-angela.sch.id/kitkat/assets/plugins/icheck/skins/flat/red@2x.png]
[ppdb.santa-angela.sch.id/kitkat/assets/plugins/icheck/skins/flat/green.png]
[ppdb.santa-angela.sch.id/kitkat/assets/plugins/icheck/skins/flat/green@2x.png]
[ppdb.santa-angela.sch.id/kitkat/assets/plugins/icheck/skins/flat/blue.png]
[ppdb.santa-angela.sch.id/kitkat/assets/plugins/icheck/skins/flat/blue@2x.png]
[ppdb.santa-angela.sch.id/kitkat/assets/plugins/icheck/skins/flat/aero.png]
[ppdb.santa-angela.sch.id/kitkat/assets/plugins/icheck/skins/flat/aero@2x.png]
[ppdb.santa-angela.sch.id/kitkat/assets/plugins/icheck/skins/flat/grey.png]
[ppdb.santa-angela.sch.id/kitkat/assets/plugins/icheck/skins/flat/grey@2x.png]
[ppdb.santa-angela.sch.id/kitkat/assets/plugins/icheck/skins/flat/orange.png]
[ppdb.santa-angela.sch.id/kitkat/assets/plugins/icheck/skins/flat/orange@2x.png]
[ppdb.santa-angela.sch.id/kitkat/assets/plugins/icheck/skins/flat/yellow.png]
[ppdb.santa-angela.sch.id/kitkat/assets/plugins/icheck/skins/flat/yellow@2x.png]
[ppdb.santa-angela.sch.id/kitkat/assets/plugins/icheck/skins/flat/pink.png]
[ppdb.santa-angela.sch.id/kitkat/assets/plugins/icheck/skins/flat/pink@2x.png]
[ppdb.santa-angela.sch.id/kitkat/assets/plugins/icheck/skins/flat/purple.png]
[ppdb.santa-angela.sch.id/kitkat/assets/plugins/icheck/skins/flat/purple@2x.png]
[ppdb.santa-angela.sch.id/kitkat/assets/plugins/icheck/skins/flat/_all.css]
[ppdb.santa-angela.sch.id/kitkat/assets/plugins/icheck/skins/line/line.png]
[ppdb.santa-angela.sch.id/kitkat/assets/plugins/icheck/skins/line/line@2x.png]
[ppdb.santa-angela.sch.id/kitkat/assets/plugins/icheck/skins/line/_all.css]
[ppdb.santa-angela.sch.id/kitkat/assets/plugins/icheck/skins/polaris/polaris.png]
[ppdb.santa-angela.sch.id/kitkat/assets/plugins/icheck/skins/polaris/polaris.css]
[ppdb.santa-angela.sch.id/kitkat/assets/plugins/icheck/skins/polaris/polaris@2x.png]
[ppdb.santa-angela.sch.id/kitkat/assets/plugins/icheck/skins/futurico/futurico.png]
[ppdb.santa-angela.sch.id/kitkat/assets/plugins/icheck/skins/futurico/futurico@2x.png]
[ppdb.santa-angela.sch.id/kitkat/assets/plugins/icheck/skins/futurico/futurico.css]
[ppdb.santa-angela.sch.id/kitkat/assets/css/icons/rounded/fonts/Metrize-Icons.svg]
[ppdb.santa-angela.sch.id/kitkat/assets/css/icons/octicons/octicons.svg]
[ppdb.santa-angela.sch.id/kitkat/assets/css/icons/weather/font/weathericons-regular-webfont.svg]
